
> frontend@0.1.0 build
> next build

Γû▓ Next.js 16.1.6 (Turbopack)
- Environments: .env.local, .env

  Creating an optimized production build ...
Γ£ô Compiled successfully in 5.0s
  Running TypeScript ...
node.exe : Failed to compile.
No C:\Program Files\nodejs\npm.ps1:29 caractere:3
+   & $NODE_EXE $NPM_CLI_JS $args
+   ~~~~~~~~~~~~~~~~~~~~~~~~~~~~~
    + CategoryInfo          : NotSpecified: (Failed to compile.:String) [], Remote 
   Exception
    + FullyQualifiedErrorId : NativeCommandError
 

.next/types/validator.ts:126:31
Type error: Type 'typeof import("C:/Users/Celio 
Veloso/Desktop/MONCAR/frontend/app/api/admin/documents/[docId]/route")' does not 
satisfy the constraint 'RouteHandlerConfig<"/api/admin/documents/[docId]">'.
  Types of property 'PATCH' are incompatible.
    Type '(req: Request, { params }: { params: { docId: string; }; }) => 
Promise<NextResponse<{ message: string; }> | NextResponse<{ user: { id: string; 
email: string; senha: string; nome: string; tipo_perfil: ProfileType; 
status_verificacao: VerificationStatus; createdAt: Date; updatedAt: Date; }; } & { 
...; }>>' is not assignable to type '(request: NextRequest, context: { params: 
Promise<{ docId: string; }>; }) => void | Response | Promise<void | Response>'.
      Types of parameters '__1' and 'context' are incompatible.
        Type '{ params: Promise<{ docId: string; }>; }' is not assignable to type 
'{ params: { docId: string; }; }'.
          Types of property 'params' are incompatible.
            Property 'docId' is missing in type 'Promise<{ docId: string; }>' but 
required in type '{ docId: string; }'.

[0m [90m 124 |[39m   type __IsExpected[33m<[39m[33mSpecific[39m 
[36mextends[39m [33mRouteHandlerConfig[39m[33m<[39m[32m"/api/admin/documents
/[docId]"[39m[33m>>[39m [33m=[39m [33mSpecific[39m
 [90m 125 |[39m   [36mconst[39m handler [33m=[39m {} [36mas[39m 
[36mtypeof[39m 
[36mimport[39m([32m"../../app/api/admin/documents/[docId]/route.js"[39m)
[31m[1m>[22m[39m[90m 126 |[39m   type __Check [33m=[39m 
__IsExpected[33m<[39m[36mtypeof[39m handler[33m>[39m
 [90m     |[39m                               [31m[1m^[22m[39m
 [90m 127 |[39m   [90m// @ts-ignore[39m
 [90m 128 |[39m   type __Unused [33m=[39m __Check
 [90m 129 |[39m }[0m
Next.js build worker exited with code: 1 and signal: null
